****************************************
Report : port
Design : KoggeStoneAdder8bit
Version: M-2016.12-SP1
Date   : Thu May  7 11:21:00 2026
****************************************

Attributes:
    I - ideal network
    H - HyperScale context override

                          Pin Cap         Wire Cap
Port           Dir        min/max         min/max     Attributes
-------------------------------------------------------------------
A[0]           in      0.0000/0.0000   0.0000/0.0000  
A[1]           in      0.0000/0.0000   0.0000/0.0000  
A[2]           in      0.0000/0.0000   0.0000/0.0000  
A[3]           in      0.0000/0.0000   0.0000/0.0000  
A[4]           in      0.0000/0.0000   0.0000/0.0000  
A[5]           in      0.0000/0.0000   0.0000/0.0000  
A[6]           in      0.0000/0.0000   0.0000/0.0000  
A[7]           in      0.0000/0.0000   0.0000/0.0000  
B[0]           in      0.0000/0.0000   0.0000/0.0000  
B[1]           in      0.0000/0.0000   0.0000/0.0000  
B[2]           in      0.0000/0.0000   0.0000/0.0000  
B[3]           in      0.0000/0.0000   0.0000/0.0000  
B[4]           in      0.0000/0.0000   0.0000/0.0000  
B[5]           in      0.0000/0.0000   0.0000/0.0000  
B[6]           in      0.0000/0.0000   0.0000/0.0000  
B[7]           in      0.0000/0.0000   0.0000/0.0000  
Ci             in      0.0000/0.0000   0.0000/0.0000  
Co             out     0.0100/0.0100   0.0000/0.0000  
S[0]           out     0.0100/0.0100   0.0000/0.0000  
S[1]           out     0.0100/0.0100   0.0000/0.0000  
S[2]           out     0.0100/0.0100   0.0000/0.0000  
S[3]           out     0.0100/0.0100   0.0000/0.0000  
S[4]           out     0.0100/0.0100   0.0000/0.0000  
S[5]           out     0.0100/0.0100   0.0000/0.0000  
S[6]           out     0.0100/0.0100   0.0000/0.0000  
S[7]           out     0.0100/0.0100   0.0000/0.0000  
clk            in      0.0000/0.0000   0.0000/0.0000  
rst            in      0.0000/0.0000   0.0000/0.0000  

1
