****************************************
Report : timing
	-path_type full
	-delay_type max
	-max_paths 1
	-sort_by slack
Design : KoggeStoneAdder8bit
Version: M-2016.12-SP1
Date   : Thu May  7 11:21:00 2026
****************************************


  Startpoint: B[2] (input port clocked by clk)
  Endpoint: S_reg[4] (rising edge-triggered flip-flop clocked by clk)
  Path Group: clk
  Path Type: max

  Point                                    Incr       Path
  ---------------------------------------------------------------
  clock clk (rise edge)                    0.00       0.00
  clock network delay (ideal)              0.05       0.05
  input external delay                     0.02       0.07 f
  B[2] (in)                                0.01       0.08 f
  U54/ZN (NOR2_X2)                         0.06       0.14 r
  U51/ZN (OAI21_X1)                        0.03       0.17 f
  U23/ZN (AOI21_X1)                        0.06       0.24 r
  U88/ZN (INV_X1)                          0.03       0.27 f
  U92/ZN (AOI21_X1)                        0.05       0.32 r
  U94/Z (XOR2_X1)                          0.06       0.38 r
  U95/ZN (AND2_X1)                         0.04       0.42 r
  S_reg[4]/D (DFF_X1)                      0.01       0.43 r
  data arrival time                                   0.43

  clock clk (rise edge)                    0.50       0.50
  clock network delay (ideal)              0.05       0.55
  clock reconvergence pessimism            0.00       0.55
  clock uncertainty                       -0.02       0.53
  S_reg[4]/CK (DFF_X1)                                0.53 r
  library setup time                      -0.03       0.50
  data required time                                  0.50
  ---------------------------------------------------------------
  data required time                                  0.50
  data arrival time                                  -0.43
  ---------------------------------------------------------------
  slack (MET)                                         0.07


1
