****************************************
Report : timing
	-path_type full
	-delay_type min
	-max_paths 1
	-sort_by slack
Design : KoggeStoneAdder8bit
Version: M-2016.12-SP1
Date   : Thu May  7 11:21:00 2026
****************************************


  Startpoint: rst (input port clocked by clk)
  Endpoint: Co_reg (rising edge-triggered flip-flop clocked by clk)
  Path Group: clk
  Path Type: min

  Point                                    Incr       Path
  ---------------------------------------------------------------
  clock clk (rise edge)                    0.00       0.00
  clock network delay (ideal)              0.05       0.05
  input external delay                     0.01       0.06 r
  rst (in)                                 0.01       0.07 r
  U49/ZN (NOR2_X1)                         0.02       0.09 f
  Co_reg/D (DFF_X1)                        0.01       0.10 f
  data arrival time                                   0.10

  clock clk (rise edge)                    0.00       0.00
  clock network delay (ideal)              0.05       0.05
  clock reconvergence pessimism            0.00       0.05
  clock uncertainty                        0.02       0.07
  Co_reg/CK (DFF_X1)                                  0.07 r
  library hold time                        0.01       0.08
  data required time                                  0.08
  ---------------------------------------------------------------
  data required time                                  0.08
  data arrival time                                  -0.10
  ---------------------------------------------------------------
  slack (MET)                                         0.03


1
