****************************************
Report : qor
Design : KoggeStoneAdder8bit
Version: M-2016.12-SP1
Date   : Thu May  7 11:21:00 2026
****************************************

  Timing Path Group 'clk' (max_delay/setup)
  ---------------------------------------------
  Levels of Logic:                            7
  Critical Path Length:                    0.43
  Critical Path Slack:                     0.07
  Total Negative Slack:                    0.00
  No. of Violating Paths:                     0
  ---------------------------------------------

  Timing Path Group 'clk' (min_delay/hold)
  ---------------------------------------------
  Levels of Logic:                            1
  Critical Path Length:                    0.10
  Critical Path Slack:                     0.03
  Total Negative Slack:                    0.00
  No. of Violating Paths:                     0
  ---------------------------------------------

  Cell Count
  ---------------------------------------------
  Hierarchical Cell Count:                    0
  Hierarchical Port Count:                    0
  Leaf Cell Count:                           86
  ---------------------------------------------


  Area
  ---------------------------------------------
  Net Interconnect area:                   0.00
  Total cell area:                       111.72
  Design Area:                           111.72
  Area Cost:                            -111.72
  ---------------------------------------------


  Design Rule Violations
  ---------------------------------------------
  Total No. of Pins in Design:              266
  Total DRC Cost:                          0.00
  ---------------------------------------------

1
