Information: Setting timing_save_pin_arrival_and_slack to TRUE and updating timing. (PTE-076)
Information: It is recommended that the variable timing_save_pin_arrival_and_slack be set before the initial timing update for optimal performance of this command. (PTE-077)
****************************************
Report : report_global_slack
Design : KoggeStoneAdder8bit
Version: M-2016.12-SP1
Date   : Thu May  7 11:21:00 2026
****************************************

       Max_Rise      Max_Fall      Min_Rise      Min_Fall   Point
--------------------------------------------------------------------------------
              *             *             *             *   clk
           0.25          0.22          0.03          0.03   rst
           0.09          0.12          0.08          0.08   Ci
           0.20          0.18          0.12          0.13   A[7]
           0.19          0.15          0.15          0.14   A[6]
           0.16          0.13          0.14          0.15   A[5]
           0.13          0.11          0.13          0.14   A[4]
           0.13          0.11          0.13          0.14   A[3]
           0.09          0.08          0.14          0.15   A[2]
           0.09          0.09          0.14          0.14   A[1]
           0.09          0.09          0.13          0.14   A[0]
           0.20          0.19          0.11          0.12   B[7]
           0.19          0.14          0.16          0.15   B[6]
           0.16          0.13          0.14          0.15   B[5]
           0.12          0.11          0.13          0.15   B[4]
           0.12          0.11          0.14          0.14   B[3]
           0.09          0.07          0.14          0.15   B[2]
           0.09          0.08          0.14          0.15   B[1]
           0.09          0.09          0.13          0.14   B[0]
           0.37          0.37          0.08          0.08   S[7]
           0.37          0.37          0.08          0.08   S[6]
           0.37          0.37          0.08          0.08   S[5]
           0.37          0.37          0.08          0.08   S[4]
           0.37          0.37          0.08          0.08   S[3]
           0.37          0.37          0.08          0.08   S[2]
           0.37          0.37          0.08          0.08   S[1]
           0.37          0.37          0.08          0.08   S[0]
           0.37          0.37          0.08          0.08   Co
           0.09          0.09          0.15          0.16   U24/A1
           0.09          0.09          0.15          0.17   U24/A2
           0.09          0.09          0.16          0.15   U24/ZN
           0.13          0.11          0.13          0.14   U25/A1
           0.13          0.11          0.14          0.14   U25/A2
           0.11          0.13          0.14          0.13   U25/ZN
           0.09          0.12          0.19          0.16   U39/A
           0.12          0.09          0.16          0.19   U39/ZN
           0.10          0.11          0.13          0.14   U40/A1
           0.10          0.10          0.13          0.14   U40/A2
           0.10          0.10          0.14          0.13   U40/ZN
           0.10          0.09          0.15          0.17   U41/A1
           0.10          0.08          0.15          0.18   U41/A2
           0.08          0.10          0.17          0.15   U41/ZN
           0.09          0.09          0.14          0.14   U47/A1
           0.09          0.09          0.14          0.15   U47/A2
           0.09          0.09          0.14          0.14   U47/ZN
           0.10          0.10          0.14          0.15   U52/A1
           0.10          0.09          0.14          0.15   U52/A2
           0.09          0.10          0.15          0.14   U52/ZN
           0.09          0.08          0.18          0.18   U54/A1
           0.09          0.07          0.18          0.18   U54/A2
           0.07          0.09          0.18          0.18   U54/ZN
           0.13          0.15          0.15          0.16   U60/A1
           0.12          0.15          0.15          0.17   U60/A2
           0.12          0.15          0.15          0.16   U60/ZN
           0.13          0.11          0.16          0.16   U61/A1
           0.12          0.11          0.16          0.16   U61/A2
           0.12          0.11          0.16          0.16   U61/ZN
           0.14          0.11          0.13          0.14   U63/A1
           0.14          0.11          0.13          0.15   U63/A2
           0.11          0.14          0.14          0.13   U63/ZN
           0.16          0.13          0.15          0.16   U66/A1
           0.16          0.13          0.15          0.16   U66/A2
           0.16          0.13          0.15          0.16   U66/ZN
           0.18          0.16          0.14          0.15   U67/A1
           0.18          0.16          0.14          0.15   U67/A2
           0.16          0.18          0.15          0.14   U67/ZN
           0.19          0.15          0.17          0.16   U68/A1
           0.19          0.14          0.17          0.17   U68/A2
           0.14          0.19          0.16          0.17   U68/ZN
           0.19          0.16          0.15          0.14   U69/A1
           0.19          0.16          0.16          0.15   U69/A2
           0.16          0.19          0.14          0.15   U69/ZN
           0.20          0.19          0.14          0.16   U70/A1
           0.20          0.18          0.14          0.16   U70/A2
           0.20          0.18          0.14          0.16   U70/ZN
           0.21          0.21          0.11          0.12   U71/A1
           0.21          0.21          0.12          0.13   U71/A2
           0.21          0.21          0.12          0.11   U71/ZN
           0.25          0.22          0.09          0.10   U73/A
           0.22          0.25          0.10          0.09   U73/ZN
           0.12          0.15          0.21          0.20   U26/A1
           0.12          0.14          0.21          0.20   U26/A2
           0.14          0.12          0.20          0.21   U26/ZN
           0.09          0.09          0.18          0.19   U28/B1
           0.12          0.09          0.16          0.19   U28/B2
           0.10          0.10          0.16          0.18   U28/A
           0.09          0.09          0.18          0.16   U28/ZN
           0.16          0.13          0.21          0.21   U31/A
           0.13          0.16          0.21          0.21   U31/ZN
           0.16          0.19          0.21          0.18   U36/A
           0.19          0.16          0.18          0.21   U36/ZN
           0.24          0.21          0.16          0.18   U37/A
           0.21          0.24          0.18          0.16   U37/ZN
           0.07          0.09          0.24          0.22   U51/B1
           0.09          0.09          0.23          0.22   U51/B2
           0.09          0.10          0.22          0.21   U51/A
           0.09          0.07          0.21          0.22   U51/ZN
           0.09          0.09          0.24          0.22   U53/A1
           0.08          0.10          0.25          0.22   U53/A2
           0.09          0.08          0.22          0.24   U53/ZN
           0.14          0.19          0.19          0.17   U58/A
           0.19          0.14          0.17          0.19   U58/ZN
           0.16          0.18          0.22          0.19   U59/A
           0.18          0.16          0.19          0.22   U59/ZN
           0.11          0.13          0.17          0.17   U62/A
           0.13          0.11          0.17          0.17   U62/ZN
           0.11          0.14          0.21          0.19   U64/A
           0.14          0.11          0.19          0.21   U64/ZN
           0.20          0.18          0.15          0.16   U72/A1
           0.21          0.21          0.14          0.13   U72/A2
           0.18          0.20          0.13          0.14   U72/ZN
           0.22          0.24          0.16          0.15   U74/A
           0.24          0.22          0.15          0.16   U74/ZN
           0.20          0.22          0.18          0.17   U79/A
           0.22          0.20          0.17          0.18   U79/ZN
           0.20          0.22          0.18          0.18   U84/A
           0.22          0.20          0.18          0.18   U84/ZN
           0.24          0.22          0.16          0.16   U89/A1
           0.26          0.25          0.14          0.13   U89/A2
           0.22          0.24          0.13          0.14   U89/ZN
           0.23          0.22          0.16          0.16   U93/A1
           0.24          0.25          0.14          0.13   U93/A2
           0.22          0.23          0.13          0.14   U93/ZN
           0.25          0.22          0.15          0.16   U96/A1
           0.25          0.24          0.15          0.14   U96/A2
           0.22          0.25          0.14          0.15   U96/ZN
           0.09          0.09          0.22          0.22   U23/B1
           0.09          0.08          0.22          0.24   U23/B2
           0.09          0.07          0.21          0.22   U23/A
           0.07          0.09          0.22          0.21   U23/ZN
           0.14          0.17          0.23          0.22   U33/A1
           0.15          0.18          0.23          0.22   U33/A2
           0.17          0.14          0.22          0.23   U33/ZN
           0.19          0.14          0.18          0.23   U35/B1
           0.18          0.16          0.19          0.22   U35/B2
           0.19          0.16          0.18          0.21   U35/A
           0.14          0.18          0.21          0.18   U35/ZN
           0.21          0.21          0.16          0.17   U38/A1
           0.16          0.16          0.21          0.22   U38/A2
           0.16          0.16          0.17          0.16   U38/ZN
           0.15          0.11          0.18          0.22   U65/B1
           0.13          0.11          0.20          0.22   U65/B2
           0.14          0.11          0.19          0.21   U65/A
           0.11          0.13          0.21          0.18   U65/ZN
           0.24          0.22          0.15          0.16   U75/A1
           0.26          0.25          0.14          0.13   U75/A2
           0.22          0.24          0.13          0.14   U75/ZN
           0.16          0.16          0.18          0.16   U78/A
           0.16          0.16          0.16          0.18   U78/ZN
           0.22          0.20          0.17          0.18   U80/A1
           0.23          0.24          0.15          0.14   U80/A2
           0.20          0.22          0.14          0.15   U80/ZN
           0.22          0.20          0.18          0.18   U85/A1
           0.25          0.24          0.15          0.14   U85/A2
           0.20          0.22          0.14          0.15   U85/ZN
           0.22          0.20          0.17          0.19   U99/A1
           0.24          0.25          0.14          0.15   U99/A2
           0.22          0.20          0.14          0.15   U99/ZN
           0.08          0.09          0.22          0.22   U27/B1
           0.14          0.12          0.20          0.21   U27/B2
           0.12          0.13          0.21          0.18   U27/A
           0.09          0.08          0.18          0.20   U27/ZN
           0.14          0.18          0.23          0.21   U29/A1
           0.18          0.20          0.19          0.19   U29/A2
           0.14          0.18          0.19          0.19   U29/ZN
           0.15          0.19          0.22          0.20   U30/B1
           0.18          0.20          0.18          0.19   U30/B2
           0.22          0.25          0.17          0.16   U30/A
           0.19          0.15          0.16          0.17   U30/ZN
           0.11          0.15          0.24          0.22   U32/B1
           0.13          0.18          0.24          0.21   U32/B2
           0.18          0.22          0.18          0.17   U32/A
           0.15          0.11          0.17          0.18   U32/ZN
           0.16          0.20          0.21          0.18   U46/B1
           0.21          0.24          0.18          0.16   U46/B2
           0.27          0.28          0.12          0.11   U46/A
           0.20          0.16          0.11          0.12   U46/ZN
           0.18          0.18          0.17          0.18   U48/A1
           0.26          0.24          0.14          0.17   U48/A2
           0.18          0.18          0.14          0.17   U48/ZN
           0.22          0.24          0.13          0.14   U76/A
           0.31          0.32          0.08          0.08   U76/B
           0.22          0.24          0.08          0.08   U76/ZN
           0.18          0.20          0.16          0.18   U81/A
           0.20          0.22          0.14          0.15   U81/B
           0.18          0.20          0.15          0.14   U81/Z
           0.16          0.16          0.20          0.21   U83/B1
           0.22          0.23          0.17          0.15   U83/B2
           0.24          0.24          0.14          0.14   U83/A
           0.16          0.16          0.14          0.14   U83/ZN
           0.07          0.11          0.22          0.21   U88/A
           0.11          0.07          0.21          0.22   U88/ZN
           0.09          0.08          0.23          0.23   U34/A1
           0.16          0.16          0.17          0.16   U34/A2
           0.08          0.09          0.16          0.17   U34/ZN
           0.13          0.08          0.25          0.25   U43/B1
           0.17          0.14          0.22          0.23   U43/B2
           0.15          0.11          0.17          0.18   U43/A
           0.08          0.13          0.18          0.17   U43/ZN
           0.19          0.15          0.16          0.17   U44/A
           0.15          0.19          0.17          0.16   U44/ZN
           0.15          0.14          0.18          0.20   U45/B1
           0.18          0.18          0.14          0.17   U45/B2
           0.20          0.16          0.11          0.12   U45/A
           0.14          0.15          0.12          0.11   U45/ZN
           0.22          0.24          0.08          0.08   U77/A1
           0.31          0.33          0.10          0.09   U77/A2
           0.22          0.24          0.08          0.08   U77/ZN
           0.18          0.20          0.15          0.14   U82/A1
           0.31          0.33          0.10          0.09   U82/A2
           0.18          0.20          0.10          0.09   U82/ZN
           0.16          0.16          0.14          0.14   U86/A
           0.20          0.22          0.14          0.15   U86/B
           0.16          0.16          0.14          0.14   U86/ZN
           0.15          0.12          0.21          0.22   U90/A
           0.22          0.24          0.13          0.14   U90/B
           0.13          0.12          0.14          0.13   U90/ZN
           0.11          0.07          0.25          0.25   U92/B1
           0.23          0.19          0.15          0.18   U92/B2
           0.22          0.19          0.17          0.17   U92/A
           0.07          0.11          0.17          0.15   U92/ZN
           0.12          0.11          0.20          0.22   U97/A
           0.22          0.25          0.14          0.15   U97/B
           0.12          0.11          0.15          0.14   U97/ZN
           0.22          0.24          0.08          0.08   S_reg[0]/D
           0.37             *          0.08             *   S_reg[0]/CK
           0.37          0.37          0.08          0.08   S_reg[0]/Q
              *             *             *             *   S_reg[0]/QN
           0.14          0.15          0.12          0.11   U49/A1
           0.38          0.37          0.03          0.03   U49/A2
           0.15          0.14          0.03          0.03   U49/ZN
           0.08          0.13          0.18          0.17   U50/A
           0.22          0.20          0.14          0.15   U50/B
           0.08          0.10          0.15          0.14   U50/ZN
           0.08          0.09          0.19          0.19   U57/A1
           0.14          0.18          0.19          0.19   U57/A2
           0.09          0.08          0.19          0.19   U57/ZN
           0.16          0.16          0.14          0.14   U87/A1
           0.31          0.33          0.10          0.09   U87/A2
           0.16          0.16          0.10          0.09   U87/ZN
           0.13          0.12          0.14          0.13   U91/A1
           0.31          0.33          0.10          0.09   U91/A2
           0.13          0.12          0.10          0.09   U91/ZN
           0.07          0.11          0.17          0.15   U94/A
           0.22          0.23          0.13          0.14   U94/B
           0.07          0.10          0.14          0.13   U94/Z
           0.12          0.11          0.15          0.14   U98/A1
           0.31          0.33          0.10          0.09   U98/A2
           0.12          0.11          0.10          0.09   U98/ZN
           0.18          0.20          0.10          0.09   S_reg[1]/D
           0.37             *          0.08             *   S_reg[1]/CK
           0.37          0.37          0.08          0.08   S_reg[1]/Q
              *             *             *             *   S_reg[1]/QN
           0.16          0.16          0.10          0.09   S_reg[2]/D
           0.37             *          0.08             *   S_reg[2]/CK
           0.37          0.37          0.08          0.08   S_reg[2]/Q
              *             *             *             *   S_reg[2]/QN
           0.15          0.14          0.03          0.03   Co_reg/D
           0.37             *          0.08             *   Co_reg/CK
           0.37          0.37          0.08          0.08   Co_reg/Q
              *             *             *             *   Co_reg/QN
           0.12          0.11          0.10          0.09   S_reg[5]/D
           0.37             *          0.08             *   S_reg[5]/CK
           0.37          0.37          0.08          0.08   S_reg[5]/Q
              *             *             *             *   S_reg[5]/QN
           0.13          0.12          0.10          0.09   S_reg[3]/D
           0.37             *          0.08             *   S_reg[3]/CK
           0.37          0.37          0.08          0.08   S_reg[3]/Q
              *             *             *             *   S_reg[3]/QN
           0.08          0.10          0.15          0.14   U42/A1
           0.31          0.33          0.10          0.09   U42/A2
           0.08          0.10          0.10          0.09   U42/ZN
           0.11          0.12          0.16          0.17   U56/C1
           0.25          0.26          0.13          0.14   U56/C2
           0.09          0.08          0.19          0.19   U56/A
           0.15          0.19          0.17          0.16   U56/B
           0.08          0.09          0.14          0.13   U56/ZN
           0.07          0.10          0.14          0.13   U95/A1
           0.31          0.33          0.10          0.09   U95/A2
           0.07          0.10          0.10          0.09   U95/ZN
           0.08          0.10          0.10          0.09   S_reg[6]/D
           0.37             *          0.08             *   S_reg[6]/CK
           0.37          0.37          0.08          0.08   S_reg[6]/Q
              *             *             *             *   S_reg[6]/QN
           0.07          0.10          0.10          0.09   S_reg[4]/D
           0.37             *          0.08             *   S_reg[4]/CK
           0.37          0.37          0.08          0.08   S_reg[4]/Q
              *             *             *             *   S_reg[4]/QN
           0.08          0.09          0.14          0.13   U55/A
           0.09          0.08          0.13          0.14   U55/ZN
           0.09          0.08          0.13          0.14   S_reg[7]/D
           0.37             *          0.08             *   S_reg[7]/CK
           0.37          0.37          0.08          0.08   S_reg[7]/Q
              *             *             *             *   S_reg[7]/QN

1
