#@ # 
#@ # Running fm_shell Version L-2016.03-SP1 for linux64 -- Apr 13, 2016
#@ # Date:   Thu May  7 10:18:38 2026
#@ # Run by: hoangtra@localhost.localdomain
#@ 

source /home/hoangtrang/Tools/Formality/admin/setup/.synopsys_fm.setup
#@ # -- Starting source /home/hoangtrang/Tools/Formality/admin/setup/.synopsys_fm.setup

#@ #
#@ # .synopsys_fm.setup: Initialization File for Formality
#@ #
#@ 
#@ 
#@ #
#@ # Enable stack trace output on fatal.  Not available for all architectures.
#@ #
#@ if { $sh_arch == "sparc" || $sh_arch == "sparcOS5" ||      $sh_arch == "hp700" || $sh_arch == "hpux10" } {
#@   set_unix_variable SYNOPSYS_TRACE ""
#@ }
#@ 
#@ #
#@ # Variable settings
#@ #
#@ set sh_new_variable_message true
#@ 
#@ #
#@ # Synopsys strongly recommends that you uncomment the following command
#@ # in order to set sh_command_abbrev_mode to the value "Command-Line-Only".
#@ # Command abbreviation is intended as an interactive convenience.  Using
#@ # abbreviations in scripts can cause commands to fail in subsequent releases.
#@ # 
#@ #set sh_command_abbrev_mode "Command-Line-Only"
#@ 
#@ #
#@ # Some useful aliases
#@ #
#@ alias list_commands		help
#@ 
#@ #
#@ # The alias of q to quit is commented out.  Remove the comment 
#@ # character if you want this alias.  Some users find that having 
#@ # this particular alias causes problems when mixed with page-mode
#@ # for reports - an accidental repeated 'q' not only cancels the
#@ # output but exits the tool.
#@ #
#@ #alias q quit
#@ # -- End source /home/hoangtrang/Tools/Formality/admin/setup/.synopsys_fm.setup

read_sverilog -container r -libname WORK -12 { /home/hoangtrang/IC_design/KoggeStone_8bit_adder/02_rtl/KoggeStone_8bit.sv } 
set_top r:/WORK/KoggeStoneAdder8bit 
read_verilog -container i -libname WORK -05 { /home/hoangtrang/IC_design/KoggeStone_8bit_adder/04_synth/report/lab_synth.netlist.v } 
read_db { /home/hoangtrang/IC_design/KoggeStone_8bit_adder/04_synth/lib/NangateOpenCellLibrary_typical.db } 
read_verilog -container i -libname WORK -05 { /home/hoangtrang/IC_design/KoggeStone_8bit_adder/04_synth/report/lab_synth.netlist.v } 
read_db { /home/hoangtrang/IC_design/KoggeStone_8bit_adder/04_synth/lib/NangateOpenCellLibrary_typical.db } 
set_top i:/WORK/KoggeStoneAdder8bit 
match 
verify 
